
  You can now view your Streamlit app in your browser.

  Local URL: http://localhost:8501
  Network URL: http://172.20.10.5:8501

2026-03-19 10:51:55.071 Uncaught app execution
Traceback (most recent call last):
  File "/Library/Frameworks/Python.framework/Versions/3.13/lib/python3.13/site-packages/streamlit/runtime/scriptrunner/exec_code.py", line 121, in exec_func_with_error_handling
    result = func()
  File "/Library/Frameworks/Python.framework/Versions/3.13/lib/python3.13/site-packages/streamlit/runtime/scriptrunner/script_runner.py", line 593, in code_to_exec
    exec(code, module.__dict__)
    ~~~~^^^^^^^^^^^^^^^^^^^^^^^
  File "/Users/victor/Documents/continue-better/streamlit-python-only/frontend/app.py", line 11, in <module>
    from streamlit_python_only.settings import get_settings
ModuleNotFoundError: No module named 'streamlit_python_only'
2026-03-19 10:51:55.074 Uncaught app execution
Traceback (most recent call last):
  File "/Library/Frameworks/Python.framework/Versions/3.13/lib/python3.13/site-packages/streamlit/runtime/scriptrunner/exec_code.py", line 121, in exec_func_with_error_handling
    result = func()
  File "/Library/Frameworks/Python.framework/Versions/3.13/lib/python3.13/site-packages/streamlit/runtime/scriptrunner/script_runner.py", line 593, in code_to_exec
    exec(code, module.__dict__)
    ~~~~^^^^^^^^^^^^^^^^^^^^^^^
  File "/Users/victor/Documents/continue-better/streamlit-python-only/frontend/app.py", line 11, in <module>
    from streamlit_python_only.settings import get_settings
ModuleNotFoundError: No module named 'streamlit_python_only'
